  Γû▓ Next.js 14.2.3
  - Environments: .env.local

   Creating an optimized production build ...
 Γ£ô Compiled successfully
   Linting and checking validity of types ...
   Collecting page data ...
   Generating static pages (0/18) ...
node.exe : F [FirebaseError]: Firebase: Error 
(auth/invalid-api-key).
At line:1 char:1
+ & "C:\Program Files\nodejs/node.exe" 
"C:\Users\kunal\AppData\Roaming\ ...
+ ~~~~~~~~~~~~~~~~~~~~~~~~~~~~~~~~~~~~~~~~~~~~~~~~~~~
~~~~~~~~~~~~~~~~~~
    + CategoryInfo          : NotSpecified: (F [Fire 
   baseErro...valid-api-key).:String) [], RemoteExc  
  eption
    + FullyQualifiedErrorId : NativeCommandError
 
    at _ (C:\Users\kunal\Downloads\playerauctionhubne
w\pah3\.next\server\chunks\174.js:489:523)
    at b (C:\Users\kunal\Downloads\playerauctionhubne
w\pah3\.next\server\chunks\174.js:489:571)
    at i.instanceFactory (C:\Users\kunal\Downloads\pl
ayerauctionhubnew\pah3\.next\server\chunks\174.js:128
4:401)
    at a.getOrInitializeService (C:\Users\kunal\Downl
oads\playerauctionhubnew\pah3\.next\server\chunks\174
.js:189:2773)
    at a.initialize (C:\Users\kunal\Downloads\playera
uctionhubnew\pah3\.next\server\chunks\174.js:189:2148
)
    at ej (C:\Users\kunal\Downloads\playerauctionhubn
ew\pah3\.next\server\chunks\174.js:894:181)
    at tx (C:\Users\kunal\Downloads\playerauctionhubn
ew\pah3\.next\server\chunks\174.js:1284:1070)
    at 20902 (C:\Users\kunal\Downloads\playerauctionh
ubnew\pah3\.next\server\app\t\[code]\players\page.js:
1:20161)
    at t (C:\Users\kunal\Downloads\playerauctionhubne
w\pah3\.next\server\webpack-runtime.js:1:128)
    at 9941 (C:\Users\kunal\Downloads\playerauctionhu
bnew\pah3\.next\server\app\t\[code]\players\page.js:1
:14065) {
  code: 'auth/invalid-api-key',
  customData: { appName: '[DEFAULT]' },
  digest: '2717095153'
}

Error occurred prerendering page 
"/admin/teams/dashboard". Read more: 
https://nextjs.org/docs/messages/prerender-error

FirebaseError: Firebase: Error 
(auth/invalid-api-key).
    at _ (C:\Users\kunal\Downloads\playerauctionhubne
w\pah3\.next\server\chunks\174.js:489:523)
    at b (C:\Users\kunal\Downloads\playerauctionhubne
w\pah3\.next\server\chunks\174.js:489:571)
    at i.instanceFactory (C:\Users\kunal\Downloads\pl
ayerauctionhubnew\pah3\.next\server\chunks\174.js:128
4:401)
    at a.getOrInitializeService (C:\Users\kunal\Downl
oads\playerauctionhubnew\pah3\.next\server\chunks\174
.js:189:2773)
    at a.initialize (C:\Users\kunal\Downloads\playera
uctionhubnew\pah3\.next\server\chunks\174.js:189:2148
)
    at ej (C:\Users\kunal\Downloads\playerauctionhubn
ew\pah3\.next\server\chunks\174.js:894:181)
    at tx (C:\Users\kunal\Downloads\playerauctionhubn
ew\pah3\.next\server\chunks\174.js:1284:1070)
    at 20902 (C:\Users\kunal\Downloads\playerauctionh
ubnew\pah3\.next\server\app\t\[code]\players\page.js:
1:20161)
    at t (C:\Users\kunal\Downloads\playerauctionhubne
w\pah3\.next\server\webpack-runtime.js:1:128)
    at 9941 (C:\Users\kunal\Downloads\playerauctionhu
bnew\pah3\.next\server\app\t\[code]\players\page.js:1
:14065)
F [FirebaseError]: Firebase: Error 
(auth/invalid-api-key).
    at _ (C:\Users\kunal\Downloads\playerauctionhubne
w\pah3\.next\server\chunks\174.js:489:523)
    at b (C:\Users\kunal\Downloads\playerauctionhubne
w\pah3\.next\server\chunks\174.js:489:571)
    at i.instanceFactory (C:\Users\kunal\Downloads\pl
ayerauctionhubnew\pah3\.next\server\chunks\174.js:128
4:401)
    at a.getOrInitializeService (C:\Users\kunal\Downl
oads\playerauctionhubnew\pah3\.next\server\chunks\174
.js:189:2773)
    at a.initialize (C:\Users\kunal\Downloads\playera
uctionhubnew\pah3\.next\server\chunks\174.js:189:2148
)
    at ej (C:\Users\kunal\Downloads\playerauctionhubn
ew\pah3\.next\server\chunks\174.js:894:181)
    at tx (C:\Users\kunal\Downloads\playerauctionhubn
ew\pah3\.next\server\chunks\174.js:1284:1070)
    at 20902 (C:\Users\kunal\Downloads\playerauctionh
ubnew\pah3\.next\server\app\overlay\page.js:1:16448)
    at t (C:\Users\kunal\Downloads\playerauctionhubne
w\pah3\.next\server\webpack-runtime.js:1:128)
    at 97012 (C:\Users\kunal\Downloads\playerauctionh
ubnew\pah3\.next\server\app\overlay\page.js:1:12346) 
{
  code: 'auth/invalid-api-key',
  customData: { appName: '[DEFAULT]' },
  digest: '3923572262'
}

Error occurred prerendering page "/overlay". Read 
more: 
https://nextjs.org/docs/messages/prerender-error

FirebaseError: Firebase: Error 
(auth/invalid-api-key).
    at _ (C:\Users\kunal\Downloads\playerauctionhubne
w\pah3\.next\server\chunks\174.js:489:523)
    at b (C:\Users\kunal\Downloads\playerauctionhubne
w\pah3\.next\server\chunks\174.js:489:571)
    at i.instanceFactory (C:\Users\kunal\Downloads\pl
ayerauctionhubnew\pah3\.next\server\chunks\174.js:128
4:401)
    at a.getOrInitializeService (C:\Users\kunal\Downl
oads\playerauctionhubnew\pah3\.next\server\chunks\174
.js:189:2773)
    at a.initialize (C:\Users\kunal\Downloads\playera
uctionhubnew\pah3\.next\server\chunks\174.js:189:2148
)
    at ej (C:\Users\kunal\Downloads\playerauctionhubn
ew\pah3\.next\server\chunks\174.js:894:181)
    at tx (C:\Users\kunal\Downloads\playerauctionhubn
ew\pah3\.next\server\chunks\174.js:1284:1070)
    at 20902 (C:\Users\kunal\Downloads\playerauctionh
ubnew\pah3\.next\server\app\overlay\page.js:1:16448)
    at t (C:\Users\kunal\Downloads\playerauctionhubne
w\pah3\.next\server\webpack-runtime.js:1:128)
    at 97012 (C:\Users\kunal\Downloads\playerauctionh
ubnew\pah3\.next\server\app\overlay\page.js:1:12346)
F [FirebaseError]: Firebase: Error 
(auth/invalid-api-key).
    at _ (C:\Users\kunal\Downloads\playerauctionhubne
w\pah3\.next\server\chunks\174.js:489:523)
    at b (C:\Users\kunal\Downloads\playerauctionhubne
w\pah3\.next\server\chunks\174.js:489:571)
    at i.instanceFactory (C:\Users\kunal\Downloads\pl
ayerauctionhubnew\pah3\.next\server\chunks\174.js:128
4:401)
    at a.getOrInitializeService (C:\Users\kunal\Downl
oads\playerauctionhubnew\pah3\.next\server\chunks\174
.js:189:2773)
    at a.initialize (C:\Users\kunal\Downloads\playera
uctionhubnew\pah3\.next\server\chunks\174.js:189:2148
)
    at ej (C:\Users\kunal\Downloads\playerauctionhubn
ew\pah3\.next\server\chunks\174.js:894:181)
    at tx (C:\Users\kunal\Downloads\playerauctionhubn
ew\pah3\.next\server\chunks\174.js:1284:1070)
    at 20902 (C:\Users\kunal\Downloads\playerauctionh
ubnew\pah3\.next\server\app\_not-found\page.js:1:4533
)
    at t (C:\Users\kunal\Downloads\playerauctionhubne
w\pah3\.next\server\webpack-runtime.js:1:128)
    at 9941 (C:\Users\kunal\Downloads\playerauctionhu
bnew\pah3\.next\server\app\_not-found\page.js:1:3177)
 {
  code: 'auth/invalid-api-key',
  customData: { appName: '[DEFAULT]' },
  digest: '2463280752'
}

Error occurred prerendering page "/_not-found". Read 
more: 
https://nextjs.org/docs/messages/prerender-error

FirebaseError: Firebase: Error 
(auth/invalid-api-key).
    at _ (C:\Users\kunal\Downloads\playerauctionhubne
w\pah3\.next\server\chunks\174.js:489:523)
    at b (C:\Users\kunal\Downloads\playerauctionhubne
w\pah3\.next\server\chunks\174.js:489:571)
    at i.instanceFactory (C:\Users\kunal\Downloads\pl
ayerauctionhubnew\pah3\.next\server\chunks\174.js:128
4:401)
    at a.getOrInitializeService (C:\Users\kunal\Downl
oads\playerauctionhubnew\pah3\.next\server\chunks\174
.js:189:2773)
    at a.initialize (C:\Users\kunal\Downloads\playera
uctionhubnew\pah3\.next\server\chunks\174.js:189:2148
)
    at ej (C:\Users\kunal\Downloads\playerauctionhubn
ew\pah3\.next\server\chunks\174.js:894:181)
    at tx (C:\Users\kunal\Downloads\playerauctionhubn
ew\pah3\.next\server\chunks\174.js:1284:1070)
    at 20902 (C:\Users\kunal\Downloads\playerauctionh
ubnew\pah3\.next\server\app\_not-found\page.js:1:4533
)
    at t (C:\Users\kunal\Downloads\playerauctionhubne
w\pah3\.next\server\webpack-runtime.js:1:128)
    at 9941 (C:\Users\kunal\Downloads\playerauctionhu
bnew\pah3\.next\server\app\_not-found\page.js:1:3177)
F [FirebaseError]: Firebase: Error 
(auth/invalid-api-key).
    at _ (C:\Users\kunal\Downloads\playerauctionhubne
w\pah3\.next\server\chunks\174.js:489:523)
    at b (C:\Users\kunal\Downloads\playerauctionhubne
w\pah3\.next\server\chunks\174.js:489:571)
    at i.instanceFactory (C:\Users\kunal\Downloads\pl
ayerauctionhubnew\pah3\.next\server\chunks\174.js:128
4:401)
    at a.getOrInitializeService (C:\Users\kunal\Downl
oads\playerauctionhubnew\pah3\.next\server\chunks\174
.js:189:2773)
    at a.initialize (C:\Users\kunal\Downloads\playera
uctionhubnew\pah3\.next\server\chunks\174.js:189:2148
)
    at ej (C:\Users\kunal\Downloads\playerauctionhubn
ew\pah3\.next\server\chunks\174.js:894:181)
    at tx (C:\Users\kunal\Downloads\playerauctionhubn
ew\pah3\.next\server\chunks\174.js:1284:1070)
    at 20902 (C:\Users\kunal\Downloads\playerauctionh
ubnew\pah3\.next\server\chunks\924.js:1:7860)
    at t (C:\Users\kunal\Downloads\playerauctionhubne
w\pah3\.next\server\webpack-runtime.js:1:128)
    at 9941 (C:\Users\kunal\Downloads\playerauctionhu
bnew\pah3\.next\server\chunks\924.js:1:6504) {
  code: 'auth/invalid-api-key',
  customData: { appName: '[DEFAULT]' },
  digest: '2282868925'
}

Error occurred prerendering page 
"/admin/tournaments". Read more: 
https://nextjs.org/docs/messages/prerender-error

FirebaseError: Firebase: Error 
(auth/invalid-api-key).
    at _ (C:\Users\kunal\Downloads\playerauctionhubne
w\pah3\.next\server\chunks\174.js:489:523)
    at b (C:\Users\kunal\Downloads\playerauctionhubne
w\pah3\.next\server\chunks\174.js:489:571)
    at i.instanceFactory (C:\Users\kunal\Downloads\pl
ayerauctionhubnew\pah3\.next\server\chunks\174.js:128
4:401)
    at a.getOrInitializeService (C:\Users\kunal\Downl
oads\playerauctionhubnew\pah3\.next\server\chunks\174
.js:189:2773)
    at a.initialize (C:\Users\kunal\Downloads\playera
uctionhubnew\pah3\.next\server\chunks\174.js:189:2148
)
    at ej (C:\Users\kunal\Downloads\playerauctionhubn
ew\pah3\.next\server\chunks\174.js:894:181)
    at tx (C:\Users\kunal\Downloads\playerauctionhubn
ew\pah3\.next\server\chunks\174.js:1284:1070)
    at 20902 (C:\Users\kunal\Downloads\playerauctionh
ubnew\pah3\.next\server\chunks\924.js:1:7860)
    at t (C:\Users\kunal\Downloads\playerauctionhubne
w\pah3\.next\server\webpack-runtime.js:1:128)
    at 9941 (C:\Users\kunal\Downloads\playerauctionhu
bnew\pah3\.next\server\chunks\924.js:1:6504)
F [FirebaseError]: Firebase: Error 
(auth/invalid-api-key).
    at _ (C:\Users\kunal\Downloads\playerauctionhubne
w\pah3\.next\server\chunks\174.js:489:523)
    at b (C:\Users\kunal\Downloads\playerauctionhubne
w\pah3\.next\server\chunks\174.js:489:571)
    at i.instanceFactory (C:\Users\kunal\Downloads\pl
ayerauctionhubnew\pah3\.next\server\chunks\174.js:128
4:401)
    at a.getOrInitializeService (C:\Users\kunal\Downl
oads\playerauctionhubnew\pah3\.next\server\chunks\174
.js:189:2773)
    at a.initialize (C:\Users\kunal\Downloads\playera
uctionhubnew\pah3\.next\server\chunks\174.js:189:2148
)
    at ej (C:\Users\kunal\Downloads\playerauctionhubn
ew\pah3\.next\server\chunks\174.js:894:181)
    at tx (C:\Users\kunal\Downloads\playerauctionhubn
ew\pah3\.next\server\chunks\174.js:1284:1070)
    at 20902 (C:\Users\kunal\Downloads\playerauctionh
ubnew\pah3\.next\server\app\login\page.js:1:11584)
    at t (C:\Users\kunal\Downloads\playerauctionhubne
w\pah3\.next\server\webpack-runtime.js:1:128)
    at 9941 (C:\Users\kunal\Downloads\playerauctionhu
bnew\pah3\.next\server\app\login\page.js:1:10228) {
  code: 'auth/invalid-api-key',
  customData: { appName: '[DEFAULT]' },
  digest: '280311475'
   Generating static pages (4/18) 
   Generating static pages (8/18) 
}

Error occurred prerendering page "/login". Read 
more: 
https://nextjs.org/docs/messages/prerender-error

FirebaseError: Firebase: Error 
(auth/invalid-api-key).
    at _ (C:\Users\kunal\Downloads\playerauctionhubne
w\pah3\.next\server\chunks\174.js:489:523)
    at b (C:\Users\kunal\Downloads\playerauctionhubne
w\pah3\.next\server\chunks\174.js:489:571)
    at i.instanceFactory (C:\Users\kunal\Downloads\pl
ayerauctionhubnew\pah3\.next\server\chunks\174.js:128
4:401)
    at a.getOrInitializeService (C:\Users\kunal\Downl
oads\playerauctionhubnew\pah3\.next\server\chunks\174
.js:189:2773)
    at a.initialize (C:\Users\kunal\Downloads\playera
uctionhubnew\pah3\.next\server\chunks\174.js:189:2148
)
    at ej (C:\Users\kunal\Downloads\playerauctionhubn
ew\pah3\.next\server\chunks\174.js:894:181)
    at tx (C:\Users\kunal\Downloads\playerauctionhubn
ew\pah3\.next\server\chunks\174.js:1284:1070)
    at 20902 (C:\Users\kunal\Downloads\playerauctionh
ubnew\pah3\.next\server\app\login\page.js:1:11584)
    at t (C:\Users\kunal\Downloads\playerauctionhubne
w\pah3\.next\server\webpack-runtime.js:1:128)
    at 9941 (C:\Users\kunal\Downloads\playerauctionhu
bnew\pah3\.next\server\app\login\page.js:1:10228)
F [FirebaseError]: Firebase: Error 
(auth/invalid-api-key).
    at _ (C:\Users\kunal\Downloads\playerauctionhubne
w\pah3\.next\server\chunks\174.js:489:523)
    at b (C:\Users\kunal\Downloads\playerauctionhubne
w\pah3\.next\server\chunks\174.js:489:571)
    at i.instanceFactory (C:\Users\kunal\Downloads\pl
ayerauctionhubnew\pah3\.next\server\chunks\174.js:128
4:401)
    at a.getOrInitializeService (C:\Users\kunal\Downl
oads\playerauctionhubnew\pah3\.next\server\chunks\174
.js:189:2773)
    at a.initialize (C:\Users\kunal\Downloads\playera
uctionhubnew\pah3\.next\server\chunks\174.js:189:2148
)
    at ej (C:\Users\kunal\Downloads\playerauctionhubn
ew\pah3\.next\server\chunks\174.js:894:181)
    at tx (C:\Users\kunal\Downloads\playerauctionhubn
ew\pah3\.next\server\chunks\174.js:1284:1070)
    at 20902 (C:\Users\kunal\Downloads\playerauctionh
ubnew\pah3\.next\server\app\t\[code]\teams\page.js:1:
15994)
    at t (C:\Users\kunal\Downloads\playerauctionhubne
w\pah3\.next\server\webpack-runtime.js:1:128)
    at 9941 (C:\Users\kunal\Downloads\playerauctionhu
bnew\pah3\.next\server\app\t\[code]\teams\page.js:1:9
898) {
  code: 'auth/invalid-api-key',
  customData: { appName: '[DEFAULT]' },
  digest: '3135279875'
}

Error occurred prerendering page "/admin/users". 
Read more: 
https://nextjs.org/docs/messages/prerender-error

FirebaseError: Firebase: Error 
(auth/invalid-api-key).
    at _ (C:\Users\kunal\Downloads\playerauctionhubne
w\pah3\.next\server\chunks\174.js:489:523)
    at b (C:\Users\kunal\Downloads\playerauctionhubne
w\pah3\.next\server\chunks\174.js:489:571)
    at i.instanceFactory (C:\Users\kunal\Downloads\pl
ayerauctionhubnew\pah3\.next\server\chunks\174.js:128
4:401)
    at a.getOrInitializeService (C:\Users\kunal\Downl
oads\playerauctionhubnew\pah3\.next\server\chunks\174
.js:189:2773)
    at a.initialize (C:\Users\kunal\Downloads\playera
uctionhubnew\pah3\.next\server\chunks\174.js:189:2148
)
    at ej (C:\Users\kunal\Downloads\playerauctionhubn
ew\pah3\.next\server\chunks\174.js:894:181)
    at tx (C:\Users\kunal\Downloads\playerauctionhubn
ew\pah3\.next\server\chunks\174.js:1284:1070)
    at 20902 (C:\Users\kunal\Downloads\playerauctionh
ubnew\pah3\.next\server\app\t\[code]\teams\page.js:1:
15994)
    at t (C:\Users\kunal\Downloads\playerauctionhubne
w\pah3\.next\server\webpack-runtime.js:1:128)
    at 9941 (C:\Users\kunal\Downloads\playerauctionhu
bnew\pah3\.next\server\app\t\[code]\teams\page.js:1:9
898)
F [FirebaseError]: Firebase: Error 
(auth/invalid-api-key).
    at _ (C:\Users\kunal\Downloads\playerauctionhubne
w\pah3\.next\server\chunks\174.js:489:523)
    at b (C:\Users\kunal\Downloads\playerauctionhubne
w\pah3\.next\server\chunks\174.js:489:571)
    at i.instanceFactory (C:\Users\kunal\Downloads\pl
ayerauctionhubnew\pah3\.next\server\chunks\174.js:128
4:401)
    at a.getOrInitializeService (C:\Users\kunal\Downl
oads\playerauctionhubnew\pah3\.next\server\chunks\174
.js:189:2773)
    at a.initialize (C:\Users\kunal\Downloads\playera
uctionhubnew\pah3\.next\server\chunks\174.js:189:2148
)
    at ej (C:\Users\kunal\Downloads\playerauctionhubn
ew\pah3\.next\server\chunks\174.js:894:181)
    at tx (C:\Users\kunal\Downloads\playerauctionhubn
ew\pah3\.next\server\chunks\174.js:1284:1070)
    at 20902 (C:\Users\kunal\Downloads\playerauctionh
ubnew\pah3\.next\server\app\team\dashboard\page.js:1:
20146)
    at t (C:\Users\kunal\Downloads\playerauctionhubne
w\pah3\.next\server\webpack-runtime.js:1:128)
    at 9941 (C:\Users\kunal\Downloads\playerauctionhu
bnew\pah3\.next\server\app\team\dashboard\page.js:1:1
5038) {
  code: 'auth/invalid-api-key',
  customData: { appName: '[DEFAULT]' },
  digest: '1704854429'
}

Error occurred prerendering page "/admin/settings". 
Read more: 
https://nextjs.org/docs/messages/prerender-error

FirebaseError: Firebase: Error 
(auth/invalid-api-key).
    at _ (C:\Users\kunal\Downloads\playerauctionhubne
w\pah3\.next\server\chunks\174.js:489:523)
    at b (C:\Users\kunal\Downloads\playerauctionhubne
w\pah3\.next\server\chunks\174.js:489:571)
    at i.instanceFactory (C:\Users\kunal\Downloads\pl
ayerauctionhubnew\pah3\.next\server\chunks\174.js:128
4:401)
    at a.getOrInitializeService (C:\Users\kunal\Downl
oads\playerauctionhubnew\pah3\.next\server\chunks\174
.js:189:2773)
    at a.initialize (C:\Users\kunal\Downloads\playera
uctionhubnew\pah3\.next\server\chunks\174.js:189:2148
)
    at ej (C:\Users\kunal\Downloads\playerauctionhubn
ew\pah3\.next\server\chunks\174.js:894:181)
    at tx (C:\Users\kunal\Downloads\playerauctionhubn
ew\pah3\.next\server\chunks\174.js:1284:1070)
    at 20902 (C:\Users\kunal\Downloads\playerauctionh
ubnew\pah3\.next\server\app\team\dashboard\page.js:1:
20146)
    at t (C:\Users\kunal\Downloads\playerauctionhubne
w\pah3\.next\server\webpack-runtime.js:1:128)
    at 9941 (C:\Users\kunal\Downloads\playerauctionhu
bnew\pah3\.next\server\app\team\dashboard\page.js:1:1
5038)
F [FirebaseError]: Firebase: Error 
(auth/invalid-api-key).
    at _ (C:\Users\kunal\Downloads\playerauctionhubne
w\pah3\.next\server\chunks\174.js:489:523)
    at b (C:\Users\kunal\Downloads\playerauctionhubne
w\pah3\.next\server\chunks\174.js:489:571)
    at i.instanceFactory (C:\Users\kunal\Downloads\pl
ayerauctionhubnew\pah3\.next\server\chunks\174.js:128
4:401)
    at a.getOrInitializeService (C:\Users\kunal\Downl
oads\playerauctionhubnew\pah3\.next\server\chunks\174
.js:189:2773)
    at a.initialize (C:\Users\kunal\Downloads\playera
uctionhubnew\pah3\.next\server\chunks\174.js:189:2148
)
    at ej (C:\Users\kunal\Downloads\playerauctionhubn
ew\pah3\.next\server\chunks\174.js:894:181)
    at tx (C:\Users\kunal\Downloads\playerauctionhubn
ew\pah3\.next\server\chunks\174.js:1284:1070)
    at 20902 (C:\Users\kunal\Downloads\playerauctionh
ubnew\pah3\.next\server\app\t\[code]\players\page.js:
1:20161)
    at t (C:\Users\kunal\Downloads\playerauctionhubne
w\pah3\.next\server\webpack-runtime.js:1:128)
    at 9941 (C:\Users\kunal\Downloads\playerauctionhu
bnew\pah3\.next\server\app\t\[code]\players\page.js:1
:14065) {
  code: 'auth/invalid-api-key',
  customData: { appName: '[DEFAULT]' },
  digest: '2717095153'
}

Error occurred prerendering page "/admin/players". 
Read more: 
https://nextjs.org/docs/messages/prerender-error

FirebaseError: Firebase: Error 
(auth/invalid-api-key).
    at _ (C:\Users\kunal\Downloads\playerauctionhubne
w\pah3\.next\server\chunks\174.js:489:523)
    at b (C:\Users\kunal\Downloads\playerauctionhubne
w\pah3\.next\server\chunks\174.js:489:571)
    at i.instanceFactory (C:\Users\kunal\Downloads\pl
ayerauctionhubnew\pah3\.next\server\chunks\174.js:128
4:401)
    at a.getOrInitializeService (C:\Users\kunal\Downl
oads\playerauctionhubnew\pah3\.next\server\chunks\174
.js:189:2773)
    at a.initialize (C:\Users\kunal\Downloads\playera
uctionhubnew\pah3\.next\server\chunks\174.js:189:2148
)
    at ej (C:\Users\kunal\Downloads\playerauctionhubn
ew\pah3\.next\server\chunks\174.js:894:181)
    at tx (C:\Users\kunal\Downloads\playerauctionhubn
ew\pah3\.next\server\chunks\174.js:1284:1070)
    at 20902 (C:\Users\kunal\Downloads\playerauctionh
ubnew\pah3\.next\server\app\t\[code]\players\page.js:
1:20161)
    at t (C:\Users\kunal\Downloads\playerauctionhubne
w\pah3\.next\server\webpack-runtime.js:1:128)
    at 9941 (C:\Users\kunal\Downloads\playerauctionhu
bnew\pah3\.next\server\app\t\[code]\players\page.js:1
:14065)
F [FirebaseError]: Firebase: Error 
(auth/invalid-api-key).
    at _ (C:\Users\kunal\Downloads\playerauctionhubne
w\pah3\.next\server\chunks\174.js:489:523)
    at b (C:\Users\kunal\Downloads\playerauctionhubne
w\pah3\.next\server\chunks\174.js:489:571)
    at i.instanceFactory (C:\Users\kunal\Downloads\pl
ayerauctionhubnew\pah3\.next\server\chunks\174.js:128
4:401)
    at a.getOrInitializeService (C:\Users\kunal\Downl
oads\playerauctionhubnew\pah3\.next\server\chunks\174
.js:189:2773)
    at a.initialize (C:\Users\kunal\Downloads\playera
uctionhubnew\pah3\.next\server\chunks\174.js:189:2148
)
    at ej (C:\Users\kunal\Downloads\playerauctionhubn
ew\pah3\.next\server\chunks\174.js:894:181)
    at tx (C:\Users\kunal\Downloads\playerauctionhubn
ew\pah3\.next\server\chunks\174.js:1284:1070)
    at 20902 (C:\Users\kunal\Downloads\playerauctionh
ubnew\pah3\.next\server\app\_not-found\page.js:1:4533
)
    at t (C:\Users\kunal\Downloads\playerauctionhubne
w\pah3\.next\server\webpack-runtime.js:1:128)
    at 97012 (C:\Users\kunal\Downloads\playerauctionh
ubnew\pah3\.next\server\app\t\[code]\page.js:4:7272) 
{
  code: 'auth/invalid-api-key',
  customData: { appName: '[DEFAULT]' },
  digest: '969942237'
}

Error occurred prerendering page "/overlay/youtube". 
Read more: 
https://nextjs.org/docs/messages/prerender-error

FirebaseError: Firebase: Error 
(auth/invalid-api-key).
    at _ (C:\Users\kunal\Downloads\playerauctionhubne
w\pah3\.next\server\chunks\174.js:489:523)
    at b (C:\Users\kunal\Downloads\playerauctionhubne
w\pah3\.next\server\chunks\174.js:489:571)
    at i.instanceFactory (C:\Users\kunal\Downloads\pl
ayerauctionhubnew\pah3\.next\server\chunks\174.js:128
4:401)
    at a.getOrInitializeService (C:\Users\kunal\Downl
oads\playerauctionhubnew\pah3\.next\server\chunks\174
.js:189:2773)
    at a.initialize (C:\Users\kunal\Downloads\playera
uctionhubnew\pah3\.next\server\chunks\174.js:189:2148
)
    at ej (C:\Users\kunal\Downloads\playerauctionhubn
ew\pah3\.next\server\chunks\174.js:894:181)
    at tx (C:\Users\kunal\Downloads\playerauctionhubn
ew\pah3\.next\server\chunks\174.js:1284:1070)
    at 20902 (C:\Users\kunal\Downloads\playerauctionh
ubnew\pah3\.next\server\app\_not-found\page.js:1:4533
)
    at t (C:\Users\kunal\Downloads\playerauctionhubne
w\pah3\.next\server\webpack-runtime.js:1:128)
    at 97012 (C:\Users\kunal\Downloads\playerauctionh
ubnew\pah3\.next\server\app\t\[code]\page.js:4:7272)
F [FirebaseError]: Firebase: Error 
(auth/invalid-api-key).
    at _ (C:\Users\kunal\Downloads\playerauctionhubne
w\pah3\.next\server\chunks\174.js:489:523)
    at b (C:\Users\kunal\Downloads\playerauctionhubne
w\pah3\.next\server\chunks\174.js:489:571)
    at i.instanceFactory (C:\Users\kunal\Downloads\pl
ayerauctionhubnew\pah3\.next\server\chunks\174.js:128
4:401)
    at a.getOrInitializeService (C:\Users\kunal\Downl
oads\playerauctionhubnew\pah3\.next\server\chunks\174
.js:189:2773)
    at a.initialize (C:\Users\kunal\Downloads\playera
uctionhubnew\pah3\.next\server\chunks\174.js:189:2148
)
    at ej (C:\Users\kunal\Downloads\playerauctionhubn
ew\pah3\.next\server\chunks\174.js:894:181)
    at tx (C:\Users\kunal\Downloads\playerauctionhubn
ew\pah3\.next\server\chunks\174.js:1284:1070)
    at 20902 (C:\Users\kunal\Downloads\playerauctionh
ubnew\pah3\.next\server\app\t\[code]\teams\page.js:1:
15994)
    at t (C:\Users\kunal\Downloads\playerauctionhubne
w\pah3\.next\server\webpack-runtime.js:1:128)
    at 9941 (C:\Users\kunal\Downloads\playerauctionhu
bnew\pah3\.next\server\app\t\[code]\teams\page.js:1:9
898) {
  code: 'auth/invalid-api-key',
  customData: { appName: '[DEFAULT]' },
  digest: '3135279875'
}

Error occurred prerendering page "/admin/auction". 
Read more: 
https://nextjs.org/docs/messages/prerender-error

FirebaseError: Firebase: Error 
(auth/invalid-api-key).
    at _ (C:\Users\kunal\Downloads\playerauctionhubne
w\pah3\.next\server\chunks\174.js:489:523)
    at b (C:\Users\kunal\Downloads\playerauctionhubne
w\pah3\.next\server\chunks\174.js:489:571)
    at i.instanceFactory (C:\Users\kunal\Downloads\pl
ayerauctionhubnew\pah3\.next\server\chunks\174.js:128
4:401)
    at a.getOrInitializeService (C:\Users\kunal\Downl
oads\playerauctionhubnew\pah3\.next\server\chunks\174
.js:189:2773)
    at a.initialize (C:\Users\kunal\Downloads\playera
uctionhubnew\pah3\.next\server\chunks\174.js:189:2148
)
    at ej (C:\Users\kunal\Downloads\playerauctionhubn
ew\pah3\.next\server\chunks\174.js:894:181)
    at tx (C:\Users\kunal\Downloads\playerauctionhubn
ew\pah3\.next\server\chunks\174.js:1284:1070)
    at 20902 (C:\Users\kunal\Downloads\playerauctionh
ubnew\pah3\.next\server\app\t\[code]\teams\page.js:1:
15994)
    at t (C:\Users\kunal\Downloads\playerauctionhubne
w\pah3\.next\server\webpack-runtime.js:1:128)
    at 9941 (C:\Users\kunal\Downloads\playerauctionhu
bnew\pah3\.next\server\app\t\[code]\teams\page.js:1:9
898)
F [FirebaseError]: Firebase: Error 
(auth/invalid-api-key).
    at _ (C:\Users\kunal\Downloads\playerauctionhubne
w\pah3\.next\server\chunks\174.js:489:523)
    at b (C:\Users\kunal\Downloads\playerauctionhubne
w\pah3\.next\server\chunks\174.js:489:571)
    at i.instanceFactory (C:\Users\kunal\Downloads\pl
ayerauctionhubnew\pah3\.next\server\chunks\174.js:128
4:401)
    at a.getOrInitializeService (C:\Users\kunal\Downl
oads\playerauctionhubnew\pah3\.next\server\chunks\174
.js:189:2773)
   Generating static pages (13/18) 
    at a.initialize (C:\Users\kunal\Downloads\playera
uctionhubnew\pah3\.next\server\chunks\174.js:189:2148
)
    at ej (C:\Users\kunal\Downloads\playerauctionhubn
ew\pah3\.next\server\chunks\174.js:894:181)
    at tx (C:\Users\kunal\Downloads\playerauctionhubn
ew\pah3\.next\server\chunks\174.js:1284:1070)
    at 20902 (C:\Users\kunal\Downloads\playerauctionh
ubnew\pah3\.next\server\app\page.js:13:10827)
    at t (C:\Users\kunal\Downloads\playerauctionhubne
w\pah3\.next\server\webpack-runtime.js:1:128)
    at 97012 (C:\Users\kunal\Downloads\playerauctionh
ubnew\pah3\.next\server\app\page.js:13:6725) {
  code: 'auth/invalid-api-key',
  customData: { appName: '[DEFAULT]' },
  digest: '1288727761'
}

Error occurred prerendering page "/". Read more: 
https://nextjs.org/docs/messages/prerender-error

FirebaseError: Firebase: Error 
(auth/invalid-api-key).
    at _ (C:\Users\kunal\Downloads\playerauctionhubne
w\pah3\.next\server\chunks\174.js:489:523)
    at b (C:\Users\kunal\Downloads\playerauctionhubne
w\pah3\.next\server\chunks\174.js:489:571)
    at i.instanceFactory (C:\Users\kunal\Downloads\pl
ayerauctionhubnew\pah3\.next\server\chunks\174.js:128
4:401)
    at a.getOrInitializeService (C:\Users\kunal\Downl
oads\playerauctionhubnew\pah3\.next\server\chunks\174
.js:189:2773)
    at a.initialize (C:\Users\kunal\Downloads\playera
uctionhubnew\pah3\.next\server\chunks\174.js:189:2148
)
    at ej (C:\Users\kunal\Downloads\playerauctionhubn
ew\pah3\.next\server\chunks\174.js:894:181)
    at tx (C:\Users\kunal\Downloads\playerauctionhubn
ew\pah3\.next\server\chunks\174.js:1284:1070)
    at 20902 (C:\Users\kunal\Downloads\playerauctionh
ubnew\pah3\.next\server\app\page.js:13:10827)
    at t (C:\Users\kunal\Downloads\playerauctionhubne
w\pah3\.next\server\webpack-runtime.js:1:128)
    at 97012 (C:\Users\kunal\Downloads\playerauctionh
ubnew\pah3\.next\server\app\page.js:13:6725)
F [FirebaseError]: Firebase: Error 
(auth/invalid-api-key).
    at _ (C:\Users\kunal\Downloads\playerauctionhubne
w\pah3\.next\server\chunks\174.js:489:523)
    at b (C:\Users\kunal\Downloads\playerauctionhubne
w\pah3\.next\server\chunks\174.js:489:571)
    at i.instanceFactory (C:\Users\kunal\Downloads\pl
ayerauctionhubnew\pah3\.next\server\chunks\174.js:128
4:401)
    at a.getOrInitializeService (C:\Users\kunal\Downl
oads\playerauctionhubnew\pah3\.next\server\chunks\174
.js:189:2773)
    at a.initialize (C:\Users\kunal\Downloads\playera
uctionhubnew\pah3\.next\server\chunks\174.js:189:2148
)
    at ej (C:\Users\kunal\Downloads\playerauctionhubn
ew\pah3\.next\server\chunks\174.js:894:181)
    at tx (C:\Users\kunal\Downloads\playerauctionhubn
ew\pah3\.next\server\chunks\174.js:1284:1070)
    at 20902 (C:\Users\kunal\Downloads\playerauctionh
ubnew\pah3\.next\server\app\team\dashboard\page.js:1:
20146)
    at t (C:\Users\kunal\Downloads\playerauctionhubne
w\pah3\.next\server\webpack-runtime.js:1:128)
    at 9941 (C:\Users\kunal\Downloads\playerauctionhu
bnew\pah3\.next\server\app\team\dashboard\page.js:1:1
5038) {
  code: 'auth/invalid-api-key',
  customData: { appName: '[DEFAULT]' },
  digest: '1704854429'
}

Error occurred prerendering page "/team/dashboard". 
Read more: 
https://nextjs.org/docs/messages/prerender-error

FirebaseError: Firebase: Error 
(auth/invalid-api-key).
    at _ (C:\Users\kunal\Downloads\playerauctionhubne
w\pah3\.next\server\chunks\174.js:489:523)
    at b (C:\Users\kunal\Downloads\playerauctionhubne
w\pah3\.next\server\chunks\174.js:489:571)
    at i.instanceFactory (C:\Users\kunal\Downloads\pl
ayerauctionhubnew\pah3\.next\server\chunks\174.js:128
4:401)
    at a.getOrInitializeService (C:\Users\kunal\Downl
oads\playerauctionhubnew\pah3\.next\server\chunks\174
.js:189:2773)
    at a.initialize (C:\Users\kunal\Downloads\playera
uctionhubnew\pah3\.next\server\chunks\174.js:189:2148
)
    at ej (C:\Users\kunal\Downloads\playerauctionhubn
ew\pah3\.next\server\chunks\174.js:894:181)
    at tx (C:\Users\kunal\Downloads\playerauctionhubn
ew\pah3\.next\server\chunks\174.js:1284:1070)
    at 20902 (C:\Users\kunal\Downloads\playerauctionh
ubnew\pah3\.next\server\app\team\dashboard\page.js:1:
20146)
    at t (C:\Users\kunal\Downloads\playerauctionhubne
w\pah3\.next\server\webpack-runtime.js:1:128)
    at 9941 (C:\Users\kunal\Downloads\playerauctionhu
bnew\pah3\.next\server\app\team\dashboard\page.js:1:1
5038)
F [FirebaseError]: Firebase: Error 
(auth/invalid-api-key).
    at _ (C:\Users\kunal\Downloads\playerauctionhubne
w\pah3\.next\server\chunks\174.js:489:523)
    at b (C:\Users\kunal\Downloads\playerauctionhubne
w\pah3\.next\server\chunks\174.js:489:571)
    at i.instanceFactory (C:\Users\kunal\Downloads\pl
ayerauctionhubnew\pah3\.next\server\chunks\174.js:128
4:401)
 Γ£ô Generating static pages (18/18)
    at a.getOrInitializeService (C:\Users\kunal\Downl
oads\playerauctionhubnew\pah3\.next\server\chunks\174
.js:189:2773)
    at a.initialize (C:\Users\kunal\Downloads\playera
uctionhubnew\pah3\.next\server\chunks\174.js:189:2148
)
    at ej (C:\Users\kunal\Downloads\playerauctionhubn
ew\pah3\.next\server\chunks\174.js:894:181)
    at tx (C:\Users\kunal\Downloads\playerauctionhubn
ew\pah3\.next\server\chunks\174.js:1284:1070)
    at 20902 (C:\Users\kunal\Downloads\playerauctionh
ubnew\pah3\.next\server\app\register-tournament\page.
js:1:22383)
    at t (C:\Users\kunal\Downloads\playerauctionhubne
w\pah3\.next\server\webpack-runtime.js:1:128)
    at 97012 (C:\Users\kunal\Downloads\playerauctionh
ubnew\pah3\.next\server\app\register-tournament\page.
js:1:18281) {
  code: 'auth/invalid-api-key',
  customData: { appName: '[DEFAULT]' },
  digest: '2295958721'
}

Error occurred prerendering page 
"/register-tournament". Read more: 
https://nextjs.org/docs/messages/prerender-error

FirebaseError: Firebase: Error 
(auth/invalid-api-key).
    at _ (C:\Users\kunal\Downloads\playerauctionhubne
w\pah3\.next\server\chunks\174.js:489:523)
    at b (C:\Users\kunal\Downloads\playerauctionhubne
w\pah3\.next\server\chunks\174.js:489:571)
    at i.instanceFactory (C:\Users\kunal\Downloads\pl
ayerauctionhubnew\pah3\.next\server\chunks\174.js:128
4:401)
    at a.getOrInitializeService (C:\Users\kunal\Downl
oads\playerauctionhubnew\pah3\.next\server\chunks\174
.js:189:2773)
    at a.initialize (C:\Users\kunal\Downloads\playera
uctionhubnew\pah3\.next\server\chunks\174.js:189:2148
)
    at ej (C:\Users\kunal\Downloads\playerauctionhubn
ew\pah3\.next\server\chunks\174.js:894:181)
    at tx (C:\Users\kunal\Downloads\playerauctionhubn
ew\pah3\.next\server\chunks\174.js:1284:1070)
    at 20902 (C:\Users\kunal\Downloads\playerauctionh
ubnew\pah3\.next\server\app\register-tournament\page.
js:1:22383)
    at t (C:\Users\kunal\Downloads\playerauctionhubne
w\pah3\.next\server\webpack-runtime.js:1:128)
    at 97012 (C:\Users\kunal\Downloads\playerauctionh
ubnew\pah3\.next\server\app\register-tournament\page.
js:1:18281)
F [FirebaseError]: Firebase: Error 
(auth/invalid-api-key).
    at _ (C:\Users\kunal\Downloads\playerauctionhubne
w\pah3\.next\server\chunks\174.js:489:523)
    at b (C:\Users\kunal\Downloads\playerauctionhubne
w\pah3\.next\server\chunks\174.js:489:571)
    at i.instanceFactory (C:\Users\kunal\Downloads\pl
ayerauctionhubnew\pah3\.next\server\chunks\174.js:128
4:401)
    at a.getOrInitializeService (C:\Users\kunal\Downl
oads\playerauctionhubnew\pah3\.next\server\chunks\174
.js:189:2773)
    at a.initialize (C:\Users\kunal\Downloads\playera
uctionhubnew\pah3\.next\server\chunks\174.js:189:2148
)
    at ej (C:\Users\kunal\Downloads\playerauctionhubn
ew\pah3\.next\server\chunks\174.js:894:181)
    at tx (C:\Users\kunal\Downloads\playerauctionhubn
ew\pah3\.next\server\chunks\174.js:1284:1070)
    at 20902 (C:\Users\kunal\Downloads\playerauctionh
ubnew\pah3\.next\server\app\admin\teams\page.js:1:485
7)
    at t (C:\Users\kunal\Downloads\playerauctionhubne
w\pah3\.next\server\webpack-runtime.js:1:128)
    at 9941 (C:\Users\kunal\Downloads\playerauctionhu
bnew\pah3\.next\server\app\admin\teams\page.js:1:3501
) {
  code: 'auth/invalid-api-key',
  customData: { appName: '[DEFAULT]' },
  digest: '3403348218'
}

Error occurred prerendering page "/admin/teams". 
Read more: 
https://nextjs.org/docs/messages/prerender-error

FirebaseError: Firebase: Error 
(auth/invalid-api-key).
    at _ (C:\Users\kunal\Downloads\playerauctionhubne
w\pah3\.next\server\chunks\174.js:489:523)
    at b (C:\Users\kunal\Downloads\playerauctionhubne
w\pah3\.next\server\chunks\174.js:489:571)
    at i.instanceFactory (C:\Users\kunal\Downloads\pl
ayerauctionhubnew\pah3\.next\server\chunks\174.js:128
4:401)
    at a.getOrInitializeService (C:\Users\kunal\Downl
oads\playerauctionhubnew\pah3\.next\server\chunks\174
.js:189:2773)
    at a.initialize (C:\Users\kunal\Downloads\playera
uctionhubnew\pah3\.next\server\chunks\174.js:189:2148
)
    at ej (C:\Users\kunal\Downloads\playerauctionhubn
ew\pah3\.next\server\chunks\174.js:894:181)
    at tx (C:\Users\kunal\Downloads\playerauctionhubn
ew\pah3\.next\server\chunks\174.js:1284:1070)
    at 20902 (C:\Users\kunal\Downloads\playerauctionh
ubnew\pah3\.next\server\app\admin\teams\page.js:1:485
7)
    at t (C:\Users\kunal\Downloads\playerauctionhubne
w\pah3\.next\server\webpack-runtime.js:1:128)
    at 9941 (C:\Users\kunal\Downloads\playerauctionhu
bnew\pah3\.next\server\app\admin\teams\page.js:1:3501
)
F [FirebaseError]: Firebase: Error 
(auth/invalid-api-key).
    at _ (C:\Users\kunal\Downloads\playerauctionhubne
w\pah3\.next\server\chunks\174.js:489:523)
    at b (C:\Users\kunal\Downloads\playerauctionhubne
w\pah3\.next\server\chunks\174.js:489:571)
    at i.instanceFactory (C:\Users\kunal\Downloads\pl
ayerauctionhubnew\pah3\.next\server\chunks\174.js:128
4:401)
    at a.getOrInitializeService (C:\Users\kunal\Downl
oads\playerauctionhubnew\pah3\.next\server\chunks\174
.js:189:2773)
    at a.initialize (C:\Users\kunal\Downloads\playera
uctionhubnew\pah3\.next\server\chunks\174.js:189:2148
)
    at ej (C:\Users\kunal\Downloads\playerauctionhubn
ew\pah3\.next\server\chunks\174.js:894:181)
    at tx (C:\Users\kunal\Downloads\playerauctionhubn
ew\pah3\.next\server\chunks\174.js:1284:1070)
    at 20902 (C:\Users\kunal\Downloads\playerauctionh
ubnew\pah3\.next\server\app\t\[code]\players\page.js:
1:20161)
    at t (C:\Users\kunal\Downloads\playerauctionhubne
w\pah3\.next\server\webpack-runtime.js:1:128)
    at 9941 (C:\Users\kunal\Downloads\playerauctionhu
bnew\pah3\.next\server\app\t\[code]\players\page.js:1
:14065) {
  code: 'auth/invalid-api-key',
  customData: { appName: '[DEFAULT]' },
  digest: '2717095153'
}

Error occurred prerendering page "/admin/dashboard". 
Read more: 
https://nextjs.org/docs/messages/prerender-error

FirebaseError: Firebase: Error 
(auth/invalid-api-key).
    at _ (C:\Users\kunal\Downloads\playerauctionhubne
w\pah3\.next\server\chunks\174.js:489:523)
    at b (C:\Users\kunal\Downloads\playerauctionhubne
w\pah3\.next\server\chunks\174.js:489:571)
    at i.instanceFactory (C:\Users\kunal\Downloads\pl
ayerauctionhubnew\pah3\.next\server\chunks\174.js:128
4:401)
    at a.getOrInitializeService (C:\Users\kunal\Downl
oads\playerauctionhubnew\pah3\.next\server\chunks\174
.js:189:2773)
    at a.initialize (C:\Users\kunal\Downloads\playera
uctionhubnew\pah3\.next\server\chunks\174.js:189:2148
)
    at ej (C:\Users\kunal\Downloads\playerauctionhubn
ew\pah3\.next\server\chunks\174.js:894:181)
    at tx (C:\Users\kunal\Downloads\playerauctionhubn
ew\pah3\.next\server\chunks\174.js:1284:1070)
    at 20902 (C:\Users\kunal\Downloads\playerauctionh
ubnew\pah3\.next\server\app\t\[code]\players\page.js:
1:20161)
    at t (C:\Users\kunal\Downloads\playerauctionhubne
w\pah3\.next\server\webpack-runtime.js:1:128)
    at 9941 (C:\Users\kunal\Downloads\playerauctionhu
bnew\pah3\.next\server\app\t\[code]\players\page.js:1
:14065)

> Export encountered errors on following paths:
	/_not-found/page: /_not-found
	/admin/auction/page: /admin/auction
	/admin/dashboard/page: /admin/dashboard
	/admin/players/page: /admin/players
	/admin/settings/page: /admin/settings
	/admin/teams/dashboard/page: /admin/teams/dashboard
	/admin/teams/page: /admin/teams
	/admin/tournaments/page: /admin/tournaments
	/admin/users/page: /admin/users
	/login/page: /login
	/overlay/page: /overlay
	/overlay/youtube/page: /overlay/youtube
	/page: /
	/register-tournament/page: /register-tournament
	/team/dashboard/page: /team/dashboard
